// Jest Snapshot v1, https://goo.gl/fbAQLP

exports[`HomeTab should render correctly 1`] = `ShallowWrapper {}`;
