// Jest Snapshot v1, https://goo.gl/fbAQLP

exports[`TabDetails should render correctly 1`] = `ShallowWrapper {}`;
